// Jest Snapshot v1, https://goo.gl/fbAQLP

exports[`Componnet renders correctly 1`] = `
Array [
  <div
    className="navbarPoke"
  >
    <a
      href="/"
      onClick={[Function]}
    >
      <img
        alt="pokedex"
        src="PokÃ©dex_logo.png"
      />
    </a>
  </div>,
  ",",
]
`;
